#-----------------------------------------------------------
# Vivado v2016.4 (64-bit)
# SW Build 1756540 on Mon Jan 23 19:11:23 MST 2017
# IP Build 1755317 on Mon Jan 23 20:30:07 MST 2017
# Start of session at: Sat Dec 26 16:58:04 2020
# Process ID: 8232
# Current directory: C:/D/An3/An3_sem1_exerc/SSC/SSC_proiect/Multiplicator_CPA_16
# Command line: vivado.exe -gui_launcher_event rodinguilauncherevent5248 C:\D\An3\An3_sem1_exerc\SSC\SSC_proiect\Multiplicator_CPA_16\Multiplicator_CPA_16.xpr
# Log file: C:/D/An3/An3_sem1_exerc/SSC/SSC_proiect/Multiplicator_CPA_16/vivado.log
# Journal file: C:/D/An3/An3_sem1_exerc/SSC/SSC_proiect/Multiplicator_CPA_16\vivado.jou
#-----------------------------------------------------------
start_gui
open_project C:/D/An3/An3_sem1_exerc/SSC/SSC_proiect/Multiplicator_CPA_16/Multiplicator_CPA_16.xpr
set_property top Inmultire_mainn_CPA_16 [current_fileset]
reset_run synth_2
launch_runs synth_2 -jobs 2
wait_on_run synth_2
launch_runs impl_2 -jobs 2
wait_on_run impl_2
launch_runs impl_2 -to_step write_bitstream -jobs 2
wait_on_run impl_2
